### Step 2A
/c/Users/matai

### Step 2B
$ cd Desktop

### Step 2C
$ cd unit1-git-practice/

### Step 2D
/c/Users/matai/Desktop/unit1-git-practice

### Step 2E
$ ls

### Step 2F
my-steps.txt

### Step 2G
$ cd ~

### Step 2H
/c/Users/matai

### Step 2I
 -1.14-windows.xml
'3D Objects'/
 AppData/
'Application Data'@
 Contacts/
 Cookies@
'Creative Cloud Files'/
'Creative Cloud Files justice.herrera@hotmail.com c442d9c68eb27976f8a0797628f7bcedee5827aa878a9290a16a9216c4b54c56'/
 Desktop/
 Documents/
 Downloads/
 Favorites/
 Links/
'Local Settings'@
 Music/
'My Documents'@
 NTUSER.DAT
 NTUSER.DAT{3c807987-42aa-11ed-b603-f2841f73bef2}.TM.blf
 NTUSER.DAT{3c807987-42aa-11ed-b603-f2841f73bef2}.TMContainer00000000000000000001.regtrans-ms
 NTUSER.DAT{3c807987-42aa-11ed-b603-f2841f73bef2}.TMContainer00000000000000000002.regtrans-ms
 NetHood@
 OneDrive/
 Pictures/
 PrintHood@
 Recent@
'Saved Games'/
 Searches/
 SendTo@
'Start Menu'@
 Templates@
 Videos/
 ansel/
 curseforge/
 eclipse/
 ntuser.dat.LOG1
 ntuser.dat.LOG2
 ntuser.ini

### Step 2J
$ cd ~

### Step 2K
$ cd Desktop/unit1-git-practice/

### Step 3A
$ mkdir veggies
$ mkdir meats
$ mkdir desserts

### Step 3B
$ mv desserts sweets

### Step 3C
$ mkdir proteins

### Step 3D
$ mv meats proteins

### Step 3E
$ cd veggies/
$ touch carrot.txt
$ touch pea.txt

### Step 3F
$ cd ..
$ cd sweets/
$ touch cookie.txt

### Step 3G
$ mv cookie.txt donut.txt

### Step 3H
$ cd ..
$ touch thing.txt

### Step 3I
$ cp -r thing.txt tofu.txt

### Step 3J
$ mv tofu.txt proteins

### Step 3K
$ cp -r thing.txt crab.txt
$ mv crab.txt proteins/meats/

### Step 3L
$ rm thing.txt

### Step 3M
$ cp -r veggies plants

### Step 3N
$ mkdir drinks
$ rm -r drinks/

### Step 4
$ git init
$ git add .
$ git commit -m 'first commit'
[master (root-commit) 4974b32] first commit
 8 files changed, 88 insertions(+)
 create mode 100644 my-steps.txt
 create mode 100644 plants/carrot.txt
 create mode 100644 plants/pea.txt
 create mode 100644 proteins/meats/crab.txt
 create mode 100644 proteins/tofu.txt
 create mode 100644 sweets/donut.txt
 create mode 100644 veggies/carrot.txt
 create mode 100644 veggies/pea.txt


### Step 5
$ git remote add origin https://github.com/MataiKruk/git-practice.git
git branch -M main
git push -u origin main
Enumerating objects: 8, done.
Counting objects: 100% (8/8), done.
Delta compression using up to 16 threads
Compressing objects: 100% (5/5), done.
Writing objects: 100% (8/8), 668 bytes | 668.00 KiB/s, done.
Total 8 (delta 0), reused 0 (delta 0), pack-reused 0
To https://github.com/MataiKruk/git-practice.git
 * [new branch]      main -> main
branch 'main' set up to track 'origin/main'.


### Step 6
$ touch menu.txt
$ git status
On branch main
Your branch is up to date with 'origin/main'.

Untracked files:
  (use "git add <file>..." to include in what will be committed)
        menu.txt

nothing added to commit but untracked files present (use "git add" to track)
$ git add .
$ git commit -m 'starting a menu'
$ git push

### Step 7
*** DO NOT RECORD STEP 7 ***